###############################################################################
#                                                                             #
# IAR ELF Linker V6.50.1.4415/W32 for ARM               26/Feb/2013  16:44:43 #
# Copyright 2007-2012 IAR Systems AB.                                         #
#                                                                             #
#    Output file  =  C:\Tools\IAR Systems\Embedded Workbench                  #
#                    6.5\WorkSpace\WL9F_Display_IAP\Project\Debug\Exe\WL9F_Di #
#                    splay_IAP.out                                            #
#    Map file     =  C:\Tools\IAR Systems\Embedded Workbench                  #
#                    6.5\WorkSpace\WL9F_Display_IAP\Project\Debug\List\WL9F_D #
#                    isplay_IAP.map                                           #
#    Command line =  "C:\Tools\IAR Systems\Embedded Workbench                 #
#                    6.5\WorkSpace\WL9F_Display_IAP\Project\Debug\Obj\common. #
#                    o" "C:\Tools\IAR Systems\Embedded Workbench              #
#                    6.5\WorkSpace\WL9F_Display_IAP\Project\Debug\Obj\flash_i #
#                    f.o" "C:\Tools\IAR Systems\Embedded Workbench            #
#                    6.5\WorkSpace\WL9F_Display_IAP\Project\Debug\Obj\main.o" #
#                     "C:\Tools\IAR Systems\Embedded Workbench                #
#                    6.5\WorkSpace\WL9F_Display_IAP\Project\Debug\Obj\menu.o" #
#                     "C:\Tools\IAR Systems\Embedded Workbench                #
#                    6.5\WorkSpace\WL9F_Display_IAP\Project\Debug\Obj\misc.o" #
#                     "C:\Tools\IAR Systems\Embedded Workbench                #
#                    6.5\WorkSpace\WL9F_Display_IAP\Project\Debug\Obj\startup #
#                    _stm32f4xx.o" "C:\Tools\IAR Systems\Embedded Workbench   #
#                    6.5\WorkSpace\WL9F_Display_IAP\Project\Debug\Obj\stm324x #
#                    g_eval.o" "C:\Tools\IAR Systems\Embedded Workbench       #
#                    6.5\WorkSpace\WL9F_Display_IAP\Project\Debug\Obj\stm32f4 #
#                    xx_adc.o" "C:\Tools\IAR Systems\Embedded Workbench       #
#                    6.5\WorkSpace\WL9F_Display_IAP\Project\Debug\Obj\stm32f4 #
#                    xx_can.o" "C:\Tools\IAR Systems\Embedded Workbench       #
#                    6.5\WorkSpace\WL9F_Display_IAP\Project\Debug\Obj\stm32f4 #
#                    xx_crc.o" "C:\Tools\IAR Systems\Embedded Workbench       #
#                    6.5\WorkSpace\WL9F_Display_IAP\Project\Debug\Obj\stm32f4 #
#                    xx_cryp.o" "C:\Tools\IAR Systems\Embedded Workbench      #
#                    6.5\WorkSpace\WL9F_Display_IAP\Project\Debug\Obj\stm32f4 #
#                    xx_cryp_aes.o" "C:\Tools\IAR Systems\Embedded Workbench  #
#                    6.5\WorkSpace\WL9F_Display_IAP\Project\Debug\Obj\stm32f4 #
#                    xx_cryp_des.o" "C:\Tools\IAR Systems\Embedded Workbench  #
#                    6.5\WorkSpace\WL9F_Display_IAP\Project\Debug\Obj\stm32f4 #
#                    xx_cryp_tdes.o" "C:\Tools\IAR Systems\Embedded           #
#                    Workbench 6.5\WorkSpace\WL9F_Display_IAP\Project\Debug\O #
#                    bj\stm32f4xx_dac.o" "C:\Tools\IAR Systems\Embedded       #
#                    Workbench 6.5\WorkSpace\WL9F_Display_IAP\Project\Debug\O #
#                    bj\stm32f4xx_dbgmcu.o" "C:\Tools\IAR Systems\Embedded    #
#                    Workbench 6.5\WorkSpace\WL9F_Display_IAP\Project\Debug\O #
#                    bj\stm32f4xx_dcmi.o" "C:\Tools\IAR Systems\Embedded      #
#                    Workbench 6.5\WorkSpace\WL9F_Display_IAP\Project\Debug\O #
#                    bj\stm32f4xx_dma.o" "C:\Tools\IAR Systems\Embedded       #
#                    Workbench 6.5\WorkSpace\WL9F_Display_IAP\Project\Debug\O #
#                    bj\stm32f4xx_exti.o" "C:\Tools\IAR Systems\Embedded      #
#                    Workbench 6.5\WorkSpace\WL9F_Display_IAP\Project\Debug\O #
#                    bj\stm32f4xx_flash.o" "C:\Tools\IAR Systems\Embedded     #
#                    Workbench 6.5\WorkSpace\WL9F_Display_IAP\Project\Debug\O #
#                    bj\stm32f4xx_fsmc.o" "C:\Tools\IAR Systems\Embedded      #
#                    Workbench 6.5\WorkSpace\WL9F_Display_IAP\Project\Debug\O #
#                    bj\stm32f4xx_gpio.o" "C:\Tools\IAR Systems\Embedded      #
#                    Workbench 6.5\WorkSpace\WL9F_Display_IAP\Project\Debug\O #
#                    bj\stm32f4xx_hash.o" "C:\Tools\IAR Systems\Embedded      #
#                    Workbench 6.5\WorkSpace\WL9F_Display_IAP\Project\Debug\O #
#                    bj\stm32f4xx_hash_md5.o" "C:\Tools\IAR Systems\Embedded  #
#                    Workbench 6.5\WorkSpace\WL9F_Display_IAP\Project\Debug\O #
#                    bj\stm32f4xx_hash_sha1.o" "C:\Tools\IAR                  #
#                    Systems\Embedded Workbench 6.5\WorkSpace\WL9F_Display_IA #
#                    P\Project\Debug\Obj\stm32f4xx_i2c.o" "C:\Tools\IAR       #
#                    Systems\Embedded Workbench 6.5\WorkSpace\WL9F_Display_IA #
#                    P\Project\Debug\Obj\stm32f4xx_it.o" "C:\Tools\IAR        #
#                    Systems\Embedded Workbench 6.5\WorkSpace\WL9F_Display_IA #
#                    P\Project\Debug\Obj\stm32f4xx_iwdg.o" "C:\Tools\IAR      #
#                    Systems\Embedded Workbench 6.5\WorkSpace\WL9F_Display_IA #
#                    P\Project\Debug\Obj\stm32f4xx_pwr.o" "C:\Tools\IAR       #
#                    Systems\Embedded Workbench 6.5\WorkSpace\WL9F_Display_IA #
#                    P\Project\Debug\Obj\stm32f4xx_rcc.o" "C:\Tools\IAR       #
#                    Systems\Embedded Workbench 6.5\WorkSpace\WL9F_Display_IA #
#                    P\Project\Debug\Obj\stm32f4xx_rng.o" "C:\Tools\IAR       #
#                    Systems\Embedded Workbench 6.5\WorkSpace\WL9F_Display_IA #
#                    P\Project\Debug\Obj\stm32f4xx_rtc.o" "C:\Tools\IAR       #
#                    Systems\Embedded Workbench 6.5\WorkSpace\WL9F_Display_IA #
#                    P\Project\Debug\Obj\stm32f4xx_sdio.o" "C:\Tools\IAR      #
#                    Systems\Embedded Workbench 6.5\WorkSpace\WL9F_Display_IA #
#                    P\Project\Debug\Obj\stm32f4xx_spi.o" "C:\Tools\IAR       #
#                    Systems\Embedded Workbench 6.5\WorkSpace\WL9F_Display_IA #
#                    P\Project\Debug\Obj\stm32f4xx_syscfg.o" "C:\Tools\IAR    #
#                    Systems\Embedded Workbench 6.5\WorkSpace\WL9F_Display_IA #
#                    P\Project\Debug\Obj\stm32f4xx_tim.o" "C:\Tools\IAR       #
#                    Systems\Embedded Workbench 6.5\WorkSpace\WL9F_Display_IA #
#                    P\Project\Debug\Obj\stm32f4xx_usart.o" "C:\Tools\IAR     #
#                    Systems\Embedded Workbench 6.5\WorkSpace\WL9F_Display_IA #
#                    P\Project\Debug\Obj\stm32f4xx_wwdg.o" "C:\Tools\IAR      #
#                    Systems\Embedded Workbench 6.5\WorkSpace\WL9F_Display_IA #
#                    P\Project\Debug\Obj\system_stm32f4xx.o" "C:\Tools\IAR    #
#                    Systems\Embedded Workbench 6.5\WorkSpace\WL9F_Display_IA #
#                    P\Project\Debug\Obj\ymodem.o" --redirect                 #
#                    _Printf=_PrintfFull --redirect _Scanf=_ScanfFull -o      #
#                    "C:\Tools\IAR Systems\Embedded Workbench                 #
#                    6.5\WorkSpace\WL9F_Display_IAP\Project\Debug\Exe\WL9F_Di #
#                    splay_IAP.out" --map "C:\Tools\IAR Systems\Embedded      #
#                    Workbench 6.5\WorkSpace\WL9F_Display_IAP\Project\Debug\L #
#                    ist\WL9F_Display_IAP.map" --config "C:\Tools\IAR         #
#                    Systems\Embedded Workbench 6.5\WorkSpace\WL9F_Display_IA #
#                    P\Project\LinkerConfiguration\stm32f4xx_flash.icf"       #
#                    --semihosting --entry __iar_program_start --vfe          #
#                                                                             #
#                                                                             #
###############################################################################

*******************************************************************************
*** RUNTIME MODEL ATTRIBUTES
***

CppFlavor       = *
__SystemLibrary = DLib


*******************************************************************************
*** PLACEMENT SUMMARY
***

"A1":  place at 0x08000000 { ro section .intvec };
"P1":  place in [from 0x08000000 to 0x080fffff] { ro };
"P2":  place in [from 0x20000000 to 0x2001ffff] { rw, block CSTACK, block HEAP };

  Section            Kind        Address    Size  Object
  -------            ----        -------    ----  ------
"A1":                                      0x188
  .intvec            ro code  0x08000000   0x188  startup_stm32f4xx.o [1]
                            - 0x08000188   0x188

"P1":                                     0x1b60
  .text              ro code  0x08000188   0x768  menu.o [1]
  .text              ro code  0x080008f0    0x76  ABImemcpy.o [5]
  .text              ro code  0x08000966    0x2e  copy_init3.o [5]
  .text              ro code  0x08000994   0x164  common.o [1]
  .text              ro code  0x08000af8   0x512  ymodem.o [1]
  .text              ro code  0x0800100a    0x22  zero_init3.o [5]
  .text              ro code  0x0800102c   0x1b0  flash_if.o [1]
  .text              ro code  0x080011dc    0xce  stm32f4xx_usart.o [1]
  .text              ro code  0x080012ac     0x6  ABImemclr.o [5]
  .text              ro code  0x080012b4    0x66  ABImemset.o [5]
  .text              ro code  0x0800131c   0x19c  stm32f4xx_flash.o [1]
  .text              ro code  0x080014b8    0xd4  stm32f4xx_rcc.o [1]
  .text              ro code  0x0800158c   0x1de  stm324xg_eval.o [1]
  .text              ro code  0x0800176c    0xa8  stm32f4xx_gpio.o [1]
  .text              ro code  0x08001814    0x28  stm32f4xx_syscfg.o [1]
  .text              ro code  0x0800183c    0x70  stm32f4xx_exti.o [1]
  .text              ro code  0x080018ac    0x6c  misc.o [1]
  .text              ro code  0x08001918    0xf0  system_stm32f4xx.o [1]
  .text              ro code  0x08001a08    0x74  main.o [1]
  .text              ro code  0x08001a7c    0x28  data_init.o [5]
  .iar.init_table    const    0x08001aa4    0x24  - Linker created -
  .text              ro code  0x08001ac8    0x1a  fpinit_M.o [4]
  .text              ro code  0x08001ae4    0x16  cmain.o [5]
  .text              ro code  0x08001afa     0x4  low_level_init.o [3]
  .text              ro code  0x08001afe     0x4  exit.o [3]
  .text              ro code  0x08001b04     0xa  cexit.o [5]
  .text              ro code  0x08001b10    0x14  exit.o [6]
  .text              ro code  0x08001b24    0x12  stm32f4xx_it.o [1]
  .text              ro code  0x08001b38    0x10  startup_stm32f4xx.o [1]
  .text              ro code  0x08001b48     0xc  cstartup_M.o [5]
  .text              ro code  0x08001b54     0x4  startup_stm32f4xx.o [1]
  .text              ro code  0x08001b58     0x4  startup_stm32f4xx.o [1]
  .text              ro code  0x08001b5c     0x4  startup_stm32f4xx.o [1]
  .text              ro code  0x08001b60     0x4  startup_stm32f4xx.o [1]
  .text              ro code  0x08001b64     0x4  startup_stm32f4xx.o [1]
  .text              ro code  0x08001b68     0x4  startup_stm32f4xx.o [1]
  .text              ro code  0x08001b6c     0x4  startup_stm32f4xx.o [1]
  .text              ro code  0x08001b70     0x4  startup_stm32f4xx.o [1]
  .text              ro code  0x08001b74     0x4  startup_stm32f4xx.o [1]
  .text              ro code  0x08001b78     0x4  startup_stm32f4xx.o [1]
  .text              ro code  0x08001b7c     0x4  startup_stm32f4xx.o [1]
  .text              ro code  0x08001b80     0x4  startup_stm32f4xx.o [1]
  .text              ro code  0x08001b84     0x4  startup_stm32f4xx.o [1]
  .text              ro code  0x08001b88     0x4  startup_stm32f4xx.o [1]
  .text              ro code  0x08001b8c     0x4  startup_stm32f4xx.o [1]
  .text              ro code  0x08001b90     0x4  startup_stm32f4xx.o [1]
  .text              ro code  0x08001b94     0x4  startup_stm32f4xx.o [1]
  .text              ro code  0x08001b98     0x4  startup_stm32f4xx.o [1]
  .text              ro code  0x08001b9c     0x4  startup_stm32f4xx.o [1]
  .text              ro code  0x08001ba0     0x4  startup_stm32f4xx.o [1]
  .text              ro code  0x08001ba4     0x4  startup_stm32f4xx.o [1]
  .text              ro code  0x08001ba8     0x4  startup_stm32f4xx.o [1]
  .text              ro code  0x08001bac     0x4  startup_stm32f4xx.o [1]
  .text              ro code  0x08001bb0     0x4  startup_stm32f4xx.o [1]
  .text              ro code  0x08001bb4     0x4  startup_stm32f4xx.o [1]
  .text              ro code  0x08001bb8     0x4  startup_stm32f4xx.o [1]
  .text              ro code  0x08001bbc     0x4  startup_stm32f4xx.o [1]
  .text              ro code  0x08001bc0     0x4  startup_stm32f4xx.o [1]
  .text              ro code  0x08001bc4     0x4  startup_stm32f4xx.o [1]
  .text              ro code  0x08001bc8     0x4  startup_stm32f4xx.o [1]
  .text              ro code  0x08001bcc     0x4  startup_stm32f4xx.o [1]
  .text              ro code  0x08001bd0     0x4  startup_stm32f4xx.o [1]
  .text              ro code  0x08001bd4     0x4  startup_stm32f4xx.o [1]
  .text              ro code  0x08001bd8     0x4  startup_stm32f4xx.o [1]
  .text              ro code  0x08001bdc     0x4  startup_stm32f4xx.o [1]
  .text              ro code  0x08001be0     0x4  startup_stm32f4xx.o [1]
  .text              ro code  0x08001be4     0x4  startup_stm32f4xx.o [1]
  .text              ro code  0x08001be8     0x4  startup_stm32f4xx.o [1]
  .text              ro code  0x08001bec     0x4  startup_stm32f4xx.o [1]
  .text              ro code  0x08001bf0     0x4  startup_stm32f4xx.o [1]
  .text              ro code  0x08001bf4     0x4  startup_stm32f4xx.o [1]
  .text              ro code  0x08001bf8     0x4  startup_stm32f4xx.o [1]
  .text              ro code  0x08001bfc     0x4  startup_stm32f4xx.o [1]
  .text              ro code  0x08001c00     0x4  startup_stm32f4xx.o [1]
  .text              ro code  0x08001c04     0x4  startup_stm32f4xx.o [1]
  .text              ro code  0x08001c08     0x4  startup_stm32f4xx.o [1]
  .text              ro code  0x08001c0c     0x4  startup_stm32f4xx.o [1]
  .text              ro code  0x08001c10     0x4  startup_stm32f4xx.o [1]
  .text              ro code  0x08001c14     0x4  startup_stm32f4xx.o [1]
  .text              ro code  0x08001c18     0x4  startup_stm32f4xx.o [1]
  .text              ro code  0x08001c1c     0x4  startup_stm32f4xx.o [1]
  .text              ro code  0x08001c20     0x4  startup_stm32f4xx.o [1]
  .text              ro code  0x08001c24     0x4  startup_stm32f4xx.o [1]
  .text              ro code  0x08001c28     0x4  startup_stm32f4xx.o [1]
  .text              ro code  0x08001c2c     0x4  startup_stm32f4xx.o [1]
  .text              ro code  0x08001c30     0x4  startup_stm32f4xx.o [1]
  .text              ro code  0x08001c34     0x4  startup_stm32f4xx.o [1]
  .text              ro code  0x08001c38     0x4  startup_stm32f4xx.o [1]
  .text              ro code  0x08001c3c     0x4  startup_stm32f4xx.o [1]
  .text              ro code  0x08001c40     0x4  startup_stm32f4xx.o [1]
  .text              ro code  0x08001c44     0x4  startup_stm32f4xx.o [1]
  .text              ro code  0x08001c48     0x4  startup_stm32f4xx.o [1]
  .text              ro code  0x08001c4c     0x4  startup_stm32f4xx.o [1]
  .text              ro code  0x08001c50     0x4  startup_stm32f4xx.o [1]
  .text              ro code  0x08001c54     0x4  startup_stm32f4xx.o [1]
  .text              ro code  0x08001c58     0x4  startup_stm32f4xx.o [1]
  .text              ro code  0x08001c5c     0x4  startup_stm32f4xx.o [1]
  .text              ro code  0x08001c60     0x4  startup_stm32f4xx.o [1]
  .text              ro code  0x08001c64     0x4  startup_stm32f4xx.o [1]
  .text              ro code  0x08001c68     0x4  startup_stm32f4xx.o [1]
  .text              ro code  0x08001c6c     0x4  startup_stm32f4xx.o [1]
  .text              ro code  0x08001c70     0x4  startup_stm32f4xx.o [1]
  .text              ro code  0x08001c74     0x4  startup_stm32f4xx.o [1]
  .text              ro code  0x08001c78     0x4  startup_stm32f4xx.o [1]
  .text              ro code  0x08001c7c     0x4  startup_stm32f4xx.o [1]
  .text              ro code  0x08001c80     0x4  startup_stm32f4xx.o [1]
  .text              ro code  0x08001c84     0x4  startup_stm32f4xx.o [1]
  .text              ro code  0x08001c88     0x4  startup_stm32f4xx.o [1]
  .text              ro code  0x08001c8c     0x4  startup_stm32f4xx.o [1]
  .text              ro code  0x08001c90     0x4  startup_stm32f4xx.o [1]
  .text              ro code  0x08001c94     0x4  startup_stm32f4xx.o [1]
  .text              ro code  0x08001c98     0x4  startup_stm32f4xx.o [1]
  .text              ro code  0x08001c9c     0x4  startup_stm32f4xx.o [1]
  .text              ro code  0x08001ca0     0x4  startup_stm32f4xx.o [1]
  .text              ro code  0x08001ca4     0x4  startup_stm32f4xx.o [1]
  .text              ro code  0x08001ca8     0x4  startup_stm32f4xx.o [1]
  .text              ro code  0x08001cac     0x4  startup_stm32f4xx.o [1]
  .text              ro code  0x08001cb0     0x4  startup_stm32f4xx.o [1]
  .text              ro code  0x08001cb4     0x4  startup_stm32f4xx.o [1]
  .text              ro code  0x08001cb8     0x4  startup_stm32f4xx.o [1]
  .text              ro code  0x08001cbc     0x4  startup_stm32f4xx.o [1]
  .rodata            const    0x08001cc0     0x0  zero_init3.o [5]
  .rodata            const    0x08001cc0     0x0  copy_init3.o [5]
  Initializer bytes  ro data  0x08001cc0    0x28  <for P2 s0>
                            - 0x08001ce8  0x1b60

"P2", part 1 of 3:                          0x28
  P2 s0                       0x20000000    0x28  <Init block>
    .data            inited   0x20000000    0x10  stm32f4xx_rcc.o [1]
    .data            inited   0x20000010     0xc  stm324xg_eval.o [1]
    .data            inited   0x2000001c     0xc  stm324xg_eval.o [1]
                            - 0x20000028    0x28

"P2", part 2 of 3:                         0x510
  .bss               zero     0x20000028   0x500  menu.o [1]
  .bss               zero     0x20000528     0xc  menu.o [1]
                            - 0x20000534   0x50c

"P2", part 3 of 3:                         0x400
  CSTACK                      0x20000538   0x400  <Block>
    CSTACK           uninit   0x20000538   0x400  <Block tail>
                            - 0x20000938   0x400


*******************************************************************************
*** INIT TABLE
***

          Address     Size
          -------     ----
Zero (__iar_zero_init3)
    1 destination range, total size 0x50c:
          0x20000028  0x50c

Copy (__iar_copy_init3)
    1 source range, total size 0x28:
          0x08001cc0   0x28
    1 destination range, total size 0x28:
          0x20000000   0x28



*******************************************************************************
*** MODULE SUMMARY
***

    Module               ro code  ro data  rw data
    ------               -------  -------  -------
C:\Tools\IAR Systems\Embedded Workbench 6.5\WorkSpace\WL9F_Display_IAP\Project\Debug\Obj: [1]
    common.o                 356
    flash_if.o               432
    main.o                   116
    menu.o                 1 896             1 292
    misc.o                   108
    startup_stm32f4xx.o      772
    stm324xg_eval.o          478       24       24
    stm32f4xx_exti.o         112
    stm32f4xx_flash.o        412
    stm32f4xx_gpio.o         168
    stm32f4xx_it.o            18
    stm32f4xx_rcc.o          212       16       16
    stm32f4xx_syscfg.o        40
    stm32f4xx_usart.o        206
    system_stm32f4xx.o       240
    ymodem.o               1 298
    ----------------------------------------------
    Total:                 6 864       40    1 332

command line: [2]
    ----------------------------------------------
    Total:

dl7M_tln.a: [3]
    exit.o                     4
    low_level_init.o           4
    ----------------------------------------------
    Total:                     8

m7M_tlv.a: [4]
    fpinit_M.o                26
    ----------------------------------------------
    Total:                    26

rt7M_tl.a: [5]
    ABImemclr.o                6
    ABImemcpy.o              118
    ABImemset.o              102
    cexit.o                   10
    cmain.o                   22
    copy_init3.o              46
    cstartup_M.o              12
    data_init.o               40
    zero_init3.o              34
    ----------------------------------------------
    Total:                   390

shb_l.a: [6]
    exit.o                    20
    ----------------------------------------------
    Total:                    20

    Gaps                      16
    Linker created                     36    1 024
--------------------------------------------------
    Grand Total:           7 324       76    2 356


*******************************************************************************
*** ENTRY LIST
***

Entry                      Address   Size  Type      Object
-----                      -------   ----  ----      ------
?main                   0x08001ae5         Code  Gb  cmain.o [5]
ADC_IRQHandler          0x08001bc1         Code  Wk  startup_stm32f4xx.o [1]
APBAHBPrescTable        0x20000000   0x10  Data  Lc  stm32f4xx_rcc.o [1]
BUTTON_CLK              0x08001720    0xc  Data  Gb  stm324xg_eval.o [1]
BUTTON_EXTI_LINE        0x0800172c    0x8  Data  Gb  stm324xg_eval.o [1]
BUTTON_IRQn             0x08001744    0x8  Data  Gb  stm324xg_eval.o [1]
BUTTON_PIN              0x08001718    0x8  Data  Gb  stm324xg_eval.o [1]
BUTTON_PIN_SOURCE       0x0800173c    0x8  Data  Gb  stm324xg_eval.o [1]
BUTTON_PORT             0x20000010    0xc  Data  Gb  stm324xg_eval.o [1]
BUTTON_PORT_SOURCE      0x08001734    0x8  Data  Gb  stm324xg_eval.o [1]
BusFault_Handler        0x08001b2b    0x2  Code  Gb  stm32f4xx_it.o [1]
CAN1_RX0_IRQHandler     0x08001bc9         Code  Wk  startup_stm32f4xx.o [1]
CAN1_RX1_IRQHandler     0x08001bcd         Code  Wk  startup_stm32f4xx.o [1]
CAN1_SCE_IRQHandler     0x08001bd1         Code  Wk  startup_stm32f4xx.o [1]
CAN1_TX_IRQHandler      0x08001bc5         Code  Wk  startup_stm32f4xx.o [1]
CAN2_RX0_IRQHandler     0x08001c79         Code  Wk  startup_stm32f4xx.o [1]
CAN2_RX1_IRQHandler     0x08001c7d         Code  Wk  startup_stm32f4xx.o [1]
CAN2_SCE_IRQHandler     0x08001c81         Code  Wk  startup_stm32f4xx.o [1]
CAN2_TX_IRQHandler      0x08001c75         Code  Wk  startup_stm32f4xx.o [1]
COM_RX_AF               0x08001768    0x2  Data  Gb  stm324xg_eval.o [1]
COM_RX_PIN              0x08001758    0x2  Data  Gb  stm324xg_eval.o [1]
COM_RX_PIN_SOURCE       0x08001760    0x2  Data  Gb  stm324xg_eval.o [1]
COM_RX_PORT             0x20000024    0x4  Data  Gb  stm324xg_eval.o [1]
COM_RX_PORT_CLK         0x08001750    0x4  Data  Gb  stm324xg_eval.o [1]
COM_TX_AF               0x08001764    0x2  Data  Gb  stm324xg_eval.o [1]
COM_TX_PIN              0x08001754    0x2  Data  Gb  stm324xg_eval.o [1]
COM_TX_PIN_SOURCE       0x0800175c    0x2  Data  Gb  stm324xg_eval.o [1]
COM_TX_PORT             0x20000020    0x4  Data  Gb  stm324xg_eval.o [1]
COM_TX_PORT_CLK         0x0800174c    0x4  Data  Gb  stm324xg_eval.o [1]
COM_USART               0x2000001c    0x4  Data  Gb  stm324xg_eval.o [1]
CRYP_IRQHandler         0x08001cb5         Code  Wk  startup_stm32f4xx.o [1]
CSTACK$$Base            0x20000538          --   Gb  - Linker created -
CSTACK$$Limit           0x20000938          --   Gb  - Linker created -
Cal_CRC16               0x08000dbf   0x24  Code  Gb  ymodem.o [1]
DCMI_IRQHandler         0x08001cb1         Code  Wk  startup_stm32f4xx.o [1]
DMA1_Stream0_IRQHandler
                        0x08001ba5         Code  Wk  startup_stm32f4xx.o [1]
DMA1_Stream1_IRQHandler
                        0x08001ba9         Code  Wk  startup_stm32f4xx.o [1]
DMA1_Stream2_IRQHandler
                        0x08001bad         Code  Wk  startup_stm32f4xx.o [1]
DMA1_Stream3_IRQHandler
                        0x08001bb1         Code  Wk  startup_stm32f4xx.o [1]
DMA1_Stream4_IRQHandler
                        0x08001bb5         Code  Wk  startup_stm32f4xx.o [1]
DMA1_Stream5_IRQHandler
                        0x08001bb9         Code  Wk  startup_stm32f4xx.o [1]
DMA1_Stream6_IRQHandler
                        0x08001bbd         Code  Wk  startup_stm32f4xx.o [1]
DMA1_Stream7_IRQHandler
                        0x08001c35         Code  Wk  startup_stm32f4xx.o [1]
DMA2_Stream0_IRQHandler
                        0x08001c59         Code  Wk  startup_stm32f4xx.o [1]
DMA2_Stream1_IRQHandler
                        0x08001c5d         Code  Wk  startup_stm32f4xx.o [1]
DMA2_Stream2_IRQHandler
                        0x08001c61         Code  Wk  startup_stm32f4xx.o [1]
DMA2_Stream3_IRQHandler
                        0x08001c65         Code  Wk  startup_stm32f4xx.o [1]
DMA2_Stream4_IRQHandler
                        0x08001c69         Code  Wk  startup_stm32f4xx.o [1]
DMA2_Stream5_IRQHandler
                        0x08001c89         Code  Wk  startup_stm32f4xx.o [1]
DMA2_Stream6_IRQHandler
                        0x08001c8d         Code  Wk  startup_stm32f4xx.o [1]
DMA2_Stream7_IRQHandler
                        0x08001c91         Code  Wk  startup_stm32f4xx.o [1]
DebugMon_Handler        0x08001b31    0x2  Code  Gb  stm32f4xx_it.o [1]
ETH_IRQHandler          0x08001c6d         Code  Wk  startup_stm32f4xx.o [1]
ETH_WKUP_IRQHandler     0x08001c71         Code  Wk  startup_stm32f4xx.o [1]
EXTI0_IRQHandler        0x08001b91         Code  Wk  startup_stm32f4xx.o [1]
EXTI15_10_IRQHandler    0x08001c19         Code  Wk  startup_stm32f4xx.o [1]
EXTI1_IRQHandler        0x08001b95         Code  Wk  startup_stm32f4xx.o [1]
EXTI2_IRQHandler        0x08001b99         Code  Wk  startup_stm32f4xx.o [1]
EXTI3_IRQHandler        0x08001b9d         Code  Wk  startup_stm32f4xx.o [1]
EXTI4_IRQHandler        0x08001ba1         Code  Wk  startup_stm32f4xx.o [1]
EXTI9_5_IRQHandler      0x08001bd5         Code  Wk  startup_stm32f4xx.o [1]
EXTI_Init               0x0800183d   0x6a  Code  Gb  stm32f4xx_exti.o [1]
FLASH_ClearFlag         0x08001417    0x6  Code  Gb  stm32f4xx_flash.o [1]
FLASH_EraseSector       0x08001335   0x68  Code  Gb  stm32f4xx_flash.o [1]
FLASH_IRQHandler        0x08001b89         Code  Wk  startup_stm32f4xx.o [1]
FLASH_If_DisableWriteProtection
                        0x080010d3   0x3e  Code  Gb  flash_if.o [1]
FLASH_If_Erase          0x0800103d   0x26  Code  Gb  flash_if.o [1]
FLASH_If_GetWriteProtectionStatus
                        0x080010b1   0x22  Code  Gb  flash_if.o [1]
FLASH_If_Init           0x0800102d   0x10  Code  Gb  flash_if.o [1]
FLASH_If_Write          0x08001063   0x4e  Code  Gb  flash_if.o [1]
FLASH_OB_GetWRP         0x08001411    0x6  Code  Gb  stm32f4xx_flash.o [1]
FLASH_OB_Launch         0x08001405    0xc  Code  Gb  stm32f4xx_flash.o [1]
FLASH_OB_Unlock         0x080013d5   0x12  Code  Gb  stm32f4xx_flash.o [1]
FLASH_OB_WRPConfig      0x080013e7   0x1e  Code  Gb  stm32f4xx_flash.o [1]
FLASH_ProgramWord       0x0800139d   0x38  Code  Gb  stm32f4xx_flash.o [1]
FLASH_Unlock            0x0800131d   0x18  Code  Gb  stm32f4xx_flash.o [1]
FLASH_WaitForLastOperation
                        0x0800141d   0x74  Code  Gb  stm32f4xx_flash.o [1]
FPU_IRQHandler          0x08001cbd         Code  Wk  startup_stm32f4xx.o [1]
FSMC_IRQHandler         0x08001c39         Code  Wk  startup_stm32f4xx.o [1]
FileName                0x20000428  0x100  Data  Gb  menu.o [1]
FlashProtection         0x20000530    0x4  Data  Gb  menu.o [1]
GPIO_Init               0x0800176d   0x72  Code  Gb  stm32f4xx_gpio.o [1]
GPIO_PinAFConfig        0x080017ed   0x28  Code  Gb  stm32f4xx_gpio.o [1]
GPIO_ReadInputDataBit   0x080017df    0xe  Code  Gb  stm32f4xx_gpio.o [1]
GetKey                  0x08000a9b   0x16  Code  Gb  common.o [1]
GetSector               0x08001111   0x9c  Code  Lc  flash_if.o [1]
HASH_RNG_IRQHandler     0x08001cb9         Code  Wk  startup_stm32f4xx.o [1]
HardFault_Handler       0x08001b27    0x2  Code  Gb  stm32f4xx_it.o [1]
I2C1_ER_IRQHandler      0x08001bf9         Code  Wk  startup_stm32f4xx.o [1]
I2C1_EV_IRQHandler      0x08001bf5         Code  Wk  startup_stm32f4xx.o [1]
I2C2_ER_IRQHandler      0x08001c01         Code  Wk  startup_stm32f4xx.o [1]
I2C2_EV_IRQHandler      0x08001bfd         Code  Wk  startup_stm32f4xx.o [1]
I2C3_ER_IRQHandler      0x08001c9d         Code  Wk  startup_stm32f4xx.o [1]
I2C3_EV_IRQHandler      0x08001c99         Code  Wk  startup_stm32f4xx.o [1]
Int2Str                 0x08000995   0x38  Code  Gb  common.o [1]
JumpAddress             0x2000052c    0x4  Data  Gb  menu.o [1]
Jump_To_Application     0x20000528    0x4  Data  Gb  menu.o [1]
Main_Menu               0x08000247   0xf2  Code  Gb  menu.o [1]
MemManage_Handler       0x08001b29    0x2  Code  Gb  stm32f4xx_it.o [1]
NMI_Handler             0x08001b25    0x2  Code  Gb  stm32f4xx_it.o [1]
NVIC_Init               0x080018ad   0x5c  Code  Gb  misc.o [1]
OTG_FS_IRQHandler       0x08001c85         Code  Wk  startup_stm32f4xx.o [1]
OTG_FS_WKUP_IRQHandler  0x08001c21         Code  Wk  startup_stm32f4xx.o [1]
OTG_HS_EP1_IN_IRQHandler
                        0x08001ca5         Code  Wk  startup_stm32f4xx.o [1]
OTG_HS_EP1_OUT_IRQHandler
                        0x08001ca1         Code  Wk  startup_stm32f4xx.o [1]
OTG_HS_IRQHandler       0x08001cad         Code  Wk  startup_stm32f4xx.o [1]
OTG_HS_WKUP_IRQHandler  0x08001ca9         Code  Wk  startup_stm32f4xx.o [1]
PVD_IRQHandler          0x08001b7d         Code  Wk  startup_stm32f4xx.o [1]
PendSV_Handler          0x08001b33    0x2  Code  Gb  stm32f4xx_it.o [1]
RCC_AHB1PeriphClockCmd  0x0800153b   0x12  Code  Gb  stm32f4xx_rcc.o [1]
RCC_APB1PeriphClockCmd  0x0800154d   0x12  Code  Gb  stm32f4xx_rcc.o [1]
RCC_APB2PeriphClockCmd  0x0800155f   0x12  Code  Gb  stm32f4xx_rcc.o [1]
RCC_GetClocksFreq       0x080014b9   0x82  Code  Gb  stm32f4xx_rcc.o [1]
RCC_IRQHandler          0x08001b8d         Code  Wk  startup_stm32f4xx.o [1]
RTC_Alarm_IRQHandler    0x08001c1d         Code  Wk  startup_stm32f4xx.o [1]
RTC_WKUP_IRQHandler     0x08001b85         Code  Wk  startup_stm32f4xx.o [1]
Region$$Table$$Base     0x08001aa4          --   Gb  - Linker created -
Region$$Table$$Limit    0x08001ac8          --   Gb  - Linker created -
Reset_Handler           0x08001b39         Code  Wk  startup_stm32f4xx.o [1]
SDIO_IRQHandler         0x08001c3d         Code  Wk  startup_stm32f4xx.o [1]
SPI1_IRQHandler         0x08001c05         Code  Wk  startup_stm32f4xx.o [1]
SPI2_IRQHandler         0x08001c09         Code  Wk  startup_stm32f4xx.o [1]
SPI3_IRQHandler         0x08001c45         Code  Wk  startup_stm32f4xx.o [1]
STM_EVAL_COMInit        0x0800164f   0xc0  Code  Gb  stm324xg_eval.o [1]
STM_EVAL_PBGetState     0x0800163b   0x14  Code  Gb  stm324xg_eval.o [1]
STM_EVAL_PBInit         0x0800158d   0xae  Code  Gb  stm324xg_eval.o [1]
SVC_Handler             0x08001b2f    0x2  Code  Gb  stm32f4xx_it.o [1]
SYSCFG_EXTILineConfig   0x08001815   0x24  Code  Gb  stm32f4xx_syscfg.o [1]
SerialDownload          0x08000189   0x88  Code  Gb  menu.o [1]
SerialKeyPressed        0x08000a83   0x18  Code  Gb  common.o [1]
SerialPutChar           0x08000ab1   0x1a  Code  Gb  common.o [1]
SerialUpload            0x08000211   0x36  Code  Gb  menu.o [1]
Serial_PutString        0x08000acb   0x24  Code  Gb  common.o [1]
Str2Int                 0x080009cd   0xb6  Code  Gb  common.o [1]
SysTick_Handler         0x08001b35    0x2  Code  Gb  stm32f4xx_it.o [1]
SystemInit              0x08001919   0xce  Code  Gb  system_stm32f4xx.o [1]
TAMP_STAMP_IRQHandler   0x08001b81         Code  Wk  startup_stm32f4xx.o [1]
TIM1_BRK_TIM9_IRQHandler
                        0x08001bd9         Code  Wk  startup_stm32f4xx.o [1]
TIM1_CC_IRQHandler      0x08001be5         Code  Wk  startup_stm32f4xx.o [1]
TIM1_TRG_COM_TIM11_IRQHandler
                        0x08001be1         Code  Wk  startup_stm32f4xx.o [1]
TIM1_UP_TIM10_IRQHandler
                        0x08001bdd         Code  Wk  startup_stm32f4xx.o [1]
TIM2_IRQHandler         0x08001be9         Code  Wk  startup_stm32f4xx.o [1]
TIM3_IRQHandler         0x08001bed         Code  Wk  startup_stm32f4xx.o [1]
TIM4_IRQHandler         0x08001bf1         Code  Wk  startup_stm32f4xx.o [1]
TIM5_IRQHandler         0x08001c41         Code  Wk  startup_stm32f4xx.o [1]
TIM6_DAC_IRQHandler     0x08001c51         Code  Wk  startup_stm32f4xx.o [1]
TIM7_IRQHandler         0x08001c55         Code  Wk  startup_stm32f4xx.o [1]
TIM8_BRK_TIM12_IRQHandler
                        0x08001c25         Code  Wk  startup_stm32f4xx.o [1]
TIM8_CC_IRQHandler      0x08001c31         Code  Wk  startup_stm32f4xx.o [1]
TIM8_TRG_COM_TIM14_IRQHandler
                        0x08001c2d         Code  Wk  startup_stm32f4xx.o [1]
TIM8_UP_TIM13_IRQHandler
                        0x08001c29         Code  Wk  startup_stm32f4xx.o [1]
UART4_IRQHandler        0x08001c49         Code  Wk  startup_stm32f4xx.o [1]
UART5_IRQHandler        0x08001c4d         Code  Wk  startup_stm32f4xx.o [1]
USART1_IRQHandler       0x08001c0d         Code  Wk  startup_stm32f4xx.o [1]
USART2_IRQHandler       0x08001c11         Code  Wk  startup_stm32f4xx.o [1]
USART3_IRQHandler       0x08001c15         Code  Wk  startup_stm32f4xx.o [1]
USART6_IRQHandler       0x08001c95         Code  Wk  startup_stm32f4xx.o [1]
USART_Cmd               0x08001281   0x14  Code  Gb  stm32f4xx_usart.o [1]
USART_GetFlagStatus     0x0800129d    0xe  Code  Gb  stm32f4xx_usart.o [1]
USART_Init              0x080011dd   0x9a  Code  Gb  stm32f4xx_usart.o [1]
USART_SendData          0x08001295    0x8  Code  Gb  stm32f4xx_usart.o [1]
UpdateCRC16             0x08000d9f   0x20  Code  Gb  ymodem.o [1]
UsageFault_Handler      0x08001b2d    0x2  Code  Gb  stm32f4xx_it.o [1]
WWDG_IRQHandler         0x08001b79         Code  Wk  startup_stm32f4xx.o [1]
Ymodem_PrepareIntialPacket
                        0x08000cdb   0x66  Code  Gb  ymodem.o [1]
Ymodem_PreparePacket    0x08000d41   0x5e  Code  Gb  ymodem.o [1]
Ymodem_Receive          0x08000af9  0x1da  Code  Gb  ymodem.o [1]
Ymodem_SendPacket       0x08000de3   0x16  Code  Gb  ymodem.o [1]
Ymodem_Transmit         0x08000df9  0x20a  Code  Gb  ymodem.o [1]
__aeabi_memclr          0x080012ad         Code  Gb  ABImemclr.o [5]
__aeabi_memcpy          0x080008f1         Code  Gb  ABImemcpy.o [5]
__aeabi_memcpy4         0x08000911         Code  Gb  ABImemcpy.o [5]
__aeabi_memcpy8         0x08000911         Code  Gb  ABImemcpy.o [5]
__aeabi_memset          0x080012b5         Code  Gb  ABImemset.o [5]
__cmain                 0x08001ae5         Code  Gb  cmain.o [5]
__exit                  0x08001b11   0x14  Code  Gb  exit.o [6]
__iar_Memset            0x080012b5         Code  Gb  ABImemset.o [5]
__iar_Memset_word       0x080012bd         Code  Gb  ABImemset.o [5]
__iar_copy_init3        0x08000967   0x2e  Code  Gb  copy_init3.o [5]
__iar_data_init3        0x08001a7d   0x28  Code  Gb  data_init.o [5]
__iar_init_vfp          0x08001ac9         Code  Gb  fpinit_M.o [4]
__iar_program_start     0x08001b49         Code  Gb  cstartup_M.o [5]
__iar_zero_init3        0x0800100b   0x22  Code  Gb  zero_init3.o [5]
__low_level_init        0x08001afb    0x4  Code  Gb  low_level_init.o [3]
__vector_table          0x08000000         Data  Gb  startup_stm32f4xx.o [1]
_call_main              0x08001af1         Code  Gb  cmain.o [5]
_exit                   0x08001b05         Code  Gb  cexit.o [5]
_main                   0x08001af7         Code  Gb  cmain.o [5]
exit                    0x08001aff    0x4  Code  Gb  exit.o [3]
main                    0x08001a09   0x74  Code  Gb  main.o [1]
tab_1024                0x20000028  0x400  Data  Gb  menu.o [1]


[1] = C:\Tools\IAR Systems\Embedded Workbench 6.5\WorkSpace\WL9F_Display_IAP\Project\Debug\Obj
[2] = command line
[3] = dl7M_tln.a
[4] = m7M_tlv.a
[5] = rt7M_tl.a
[6] = shb_l.a

  7 324 bytes of readonly  code memory
     76 bytes of readonly  data memory
  2 356 bytes of readwrite data memory

Errors: none
Warnings: none
